// Jest Snapshot v1, https://goo.gl/fbAQLP

exports[`render test 1`] = `
<button
  className="sc-bdVaJa hsxneG"
>
  Test
</button>
`;
