// Jest Snapshot v1, https://goo.gl/fbAQLP

exports[`render test 1`] = `
<div
  className="sc-bdVaJa cnIEpz"
>
  Test
</div>
`;
